// Jest Snapshot v1, https://goo.gl/fbAQLP

exports[`HSLAInput should properly render HexInput component 1`] = `
{
  "asFragment": [Function],
  "baseElement": <body>
    <div>
      <div
        class="sc-hLBbgP hbVVJF"
      >
        <div
          class="sc-bcXHqe dLNOCe simpleui-colorpicker-inputcontainer"
        >
          <div
            class="sc-gswNZR icpVtD simpleui-colorpicker-input-prefix"
          >
            #
          </div>
          <input
            class="sc-dkrFOg dGsRDm simpleui-colorpicker-input"
            value="FFF"
          />
        </div>
      </div>
    </div>
  </body>,
  "container": <div>
    <div
      class="sc-hLBbgP hbVVJF"
    >
      <div
        class="sc-bcXHqe dLNOCe simpleui-colorpicker-inputcontainer"
      >
        <div
          class="sc-gswNZR icpVtD simpleui-colorpicker-input-prefix"
        >
          #
        </div>
        <input
          class="sc-dkrFOg dGsRDm simpleui-colorpicker-input"
          value="FFF"
        />
      </div>
    </div>
  </div>,
  "debug": [Function],
  "findAllByAltText": [Function],
  "findAllByDisplayValue": [Function],
  "findAllByLabelText": [Function],
  "findAllByPlaceholderText": [Function],
  "findAllByRole": [Function],
  "findAllByTestId": [Function],
  "findAllByText": [Function],
  "findAllByTitle": [Function],
  "findByAltText": [Function],
  "findByDisplayValue": [Function],
  "findByLabelText": [Function],
  "findByPlaceholderText": [Function],
  "findByRole": [Function],
  "findByTestId": [Function],
  "findByText": [Function],
  "findByTitle": [Function],
  "getAllByAltText": [Function],
  "getAllByDisplayValue": [Function],
  "getAllByLabelText": [Function],
  "getAllByPlaceholderText": [Function],
  "getAllByRole": [Function],
  "getAllByTestId": [Function],
  "getAllByText": [Function],
  "getAllByTitle": [Function],
  "getByAltText": [Function],
  "getByDisplayValue": [Function],
  "getByLabelText": [Function],
  "getByPlaceholderText": [Function],
  "getByRole": [Function],
  "getByTestId": [Function],
  "getByText": [Function],
  "getByTitle": [Function],
  "queryAllByAltText": [Function],
  "queryAllByDisplayValue": [Function],
  "queryAllByLabelText": [Function],
  "queryAllByPlaceholderText": [Function],
  "queryAllByRole": [Function],
  "queryAllByTestId": [Function],
  "queryAllByText": [Function],
  "queryAllByTitle": [Function],
  "queryByAltText": [Function],
  "queryByDisplayValue": [Function],
  "queryByLabelText": [Function],
  "queryByPlaceholderText": [Function],
  "queryByRole": [Function],
  "queryByTestId": [Function],
  "queryByText": [Function],
  "queryByTitle": [Function],
  "rerender": [Function],
  "unmount": [Function],
}
`;
